// Jest Snapshot v1, https://goo.gl/fbAQLP

exports[`Icon component should match snapshot rendering given defined props 1`] = `
<Image
  source={
    Object {
      "testUri": "../../../src/assets/more.png",
    }
  }
  style={
    Array [
      Object {
        "height": 28,
        "width": 28,
      },
      Object {
        "tintColor": "black",
      },
    ]
  }
/>
`;
